C:\Users\mknayak\Documents\Claude\Projects\MicroCMS\src\MicroCMS.Domain\Specifications\Tenant\ActiveTenantsSpec.cs(7,59): error CS0118: 'Tenant' is a namespace but is used like a type [C:\Users\mknayak\Documents\Claude\Projects\MicroCMS\src\MicroCMS.Domain\MicroCMS.Domain.csproj]

Build FAILED.

C:\Users\mknayak\Documents\Claude\Projects\MicroCMS\src\MicroCMS.Domain\Specifications\Tenant\ActiveTenantsSpec.cs(7,59): error CS0118: 'Tenant' is a namespace but is used like a type [C:\Users\mknayak\Documents\Claude\Projects\MicroCMS\src\MicroCMS.Domain\MicroCMS.Domain.csproj]
    0 Warning(s)
    1 Error(s)

Time Elapsed 00:00:01.97
